MAE 0.9616991197513653	LeftMissed -0.004556587116249937	RightMissed -0.0011049723756905842
